> Task :clean
> Task :assetCompile
> Task :compileJava NO-SOURCE

> Task :compileGroovy FAILED
startup failed:
C:\Users\josep\Desktop\projects\Octavia-Load-Balancer-Plugin\src\main\groovy\com\example\backend\OctaviaController.groovy: 431: unable to resolve class com.morpheusdata.core.util.DataQuery
 @ line 431, column 41.
                     def query = new com.mo
                                 ^

1 error


FAILURE: Build failed with an exception.

* What went wrong:
Execution failed for task ':compileGroovy'.
> Compilation failed; see the compiler error output for details.

* Try:
> Run with --info option to get more log output.
> Run with --scan to get full insights.

3 actionable tasks: 3 executed
BUILD FAILED in 4s
